{"sessionId": "749dfe", "runId": "post-fix", "hypothesisId": "C", "location": "memory_bot.py:_run", "message": "bite_allow", "data": {"item_id": 2290, "prev_seen": 0}, "timestamp": 1786876613073}
{"sessionId": "749dfe", "runId": "post-fix", "hypothesisId": "A", "location": "memory_bot.py:_click_left", "message": "click_result", "data": {"kind": "reel", "before": 0, "hold": 0, "up": 0, "end": 0, "rose": 0, "hold_ms": 31, "wait_ms": 1000, "first_nonzero_ms": null, "fg_is_game": true, "use_item": 1, "rolled_before": 2290, "rolled_after": 2290}, "timestamp": 1786876614107}
{"sessionId": "749dfe", "runId": "post-fix", "hypothesisId": "C", "location": "memory_bot.py:_run", "message": "bite_allow", "data": {"item_id": 2290, "prev_seen": 0}, "timestamp": 1786876614136}
{"sessionId": "749dfe", "runId": "post-fix", "hypothesisId": "A", "location": "memory_bot.py:_click_left", "message": "click_result", "data": {"kind": "reel", "before": 0, "hold": 8, "up": 8, "end": 8, "rose": 1, "hold_ms": 16, "wait_ms": 0, "first_nonzero_ms": 0, "fg_is_game": true, "use_item": 1, "rolled_before": 2290, "rolled_after": 2290}, "timestamp": 1786876614157}
{"sessionId": "749dfe", "runId": "post-fix", "hypothesisId": "A", "location": "memory_bot.py:_click_left", "message": "click_result", "data": {"kind": "recast", "before": 0, "hold": 0, "up": 0, "end": 0, "rose": 0, "hold_ms": 31, "wait_ms": 1000, "first_nonzero_ms": null, "fg_is_game": true, "use_item": 1, "rolled_before": 0, "rolled_after": 0}, "timestamp": 1786876615341}
{"sessionId": "749dfe", "runId": "post-fix", "hypothesisId": "A", "location": "memory_bot.py:_recast_until_started", "message": "recast_retry_click", "data": {"anim": 0, "rolled": 0}, "timestamp": 1786876615745}
{"sessionId": "749dfe", "runId": "post-fix", "hypothesisId": "A", "location": "memory_bot.py:_click_left", "message": "click_result", "data": {"kind": "recast", "before": 0, "hold": 8, "up": 8, "end": 8, "rose": 1, "hold_ms": 31, "wait_ms": 0, "first_nonzero_ms": 0, "fg_is_game": true, "use_item": 1, "rolled_before": 0, "rolled_after": 0}, "timestamp": 1786876615828}
{"sessionId": "749dfe", "runId": "post-fix", "hypothesisId": "C", "location": "memory_bot.py:_run", "message": "after_recast_rolled", "data": {"caught_id": 2290, "rolled": 0}, "timestamp": 1786876616792}
{"sessionId": "749dfe", "runId": "post-fix", "hypothesisId": "C", "location": "memory_bot.py:_run", "message": "bite_allow", "data": {"item_id": 2423, "prev_seen": 2290}, "timestamp": 1786876633647}
{"sessionId": "749dfe", "runId": "post-fix", "hypothesisId": "A", "location": "memory_bot.py:_click_left", "message": "click_result", "data": {"kind": "reel", "before": 0, "hold": 0, "up": 0, "end": 0, "rose": 0, "hold_ms": 47, "wait_ms": 1000, "first_nonzero_ms": null, "fg_is_game": true, "use_item": 1, "rolled_before": 2423, "rolled_after": 2423}, "timestamp": 1786876634684}
{"sessionId": "749dfe", "runId": "post-fix", "hypothesisId": "C", "location": "memory_bot.py:_run", "message": "bite_allow", "data": {"item_id": 2423, "prev_seen": 0}, "timestamp": 1786876634712}
{"sessionId": "749dfe", "runId": "post-fix", "hypothesisId": "A", "location": "memory_bot.py:_click_left", "message": "click_result", "data": {"kind": "reel", "before": 0, "hold": 8, "up": 8, "end": 8, "rose": 1, "hold_ms": 15, "wait_ms": 0, "first_nonzero_ms": 0, "fg_is_game": true, "use_item": 1, "rolled_before": 2423, "rolled_after": 2423}, "timestamp": 1786876634731}
{"sessionId": "749dfe", "runId": "post-fix", "hypothesisId": "A", "location": "memory_bot.py:_click_left", "message": "click_result", "data": {"kind": "recast", "before": 0, "hold": 0, "up": 0, "end": 0, "rose": 0, "hold_ms": 31, "wait_ms": 1000, "first_nonzero_ms": null, "fg_is_game": true, "use_item": 1, "rolled_before": 0, "rolled_after": 0}, "timestamp": 1786876635919}
{"sessionId": "749dfe", "runId": "post-fix", "hypothesisId": "A", "location": "memory_bot.py:_recast_until_started", "message": "recast_retry_click", "data": {"anim": 0, "rolled": 0}, "timestamp": 1786876636332}
{"sessionId": "749dfe", "runId": "post-fix", "hypothesisId": "A", "location": "memory_bot.py:_click_left", "message": "click_result", "data": {"kind": "recast", "before": 0, "hold": 8, "up": 8, "end": 8, "rose": 1, "hold_ms": 0, "wait_ms": 0, "first_nonzero_ms": 0, "fg_is_game": true, "use_item": 1, "rolled_before": 0, "rolled_after": 0}, "timestamp": 1786876636397}
{"sessionId": "749dfe", "runId": "post-fix", "hypothesisId": "C", "location": "memory_bot.py:_run", "message": "after_recast_rolled", "data": {"caught_id": 2423, "rolled": 0}, "timestamp": 1786876637355}
{"sessionId": "749dfe", "runId": "post-fix", "hypothesisId": "C", "location": "memory_bot.py:_run", "message": "bite_allow", "data": {"item_id": 2290, "prev_seen": 2423}, "timestamp": 1786876639529}
{"sessionId": "749dfe", "runId": "post-fix", "hypothesisId": "A", "location": "memory_bot.py:_click_left", "message": "click_result", "data": {"kind": "reel", "before": 0, "hold": 0, "up": 0, "end": 0, "rose": 0, "hold_ms": 46, "wait_ms": 1000, "first_nonzero_ms": null, "fg_is_game": true, "use_item": 1, "rolled_before": 2290, "rolled_after": 2290}, "timestamp": 1786876640576}
{"sessionId": "749dfe", "runId": "post-fix", "hypothesisId": "C", "location": "memory_bot.py:_run", "message": "bite_allow", "data": {"item_id": 2290, "prev_seen": 0}, "timestamp": 1786876640609}
{"sessionId": "749dfe", "runId": "post-fix", "hypothesisId": "A", "location": "memory_bot.py:_click_left", "message": "click_result", "data": {"kind": "reel", "before": 0, "hold": 8, "up": 8, "end": 8, "rose": 1, "hold_ms": 15, "wait_ms": 0, "first_nonzero_ms": 0, "fg_is_game": true, "use_item": 1, "rolled_before": 2290, "rolled_after": 2290}, "timestamp": 1786876640624}
{"sessionId": "749dfe", "runId": "post-fix", "hypothesisId": "A", "location": "memory_bot.py:_click_left", "message": "click_result", "data": {"kind": "recast", "before": 0, "hold": 0, "up": 0, "end": 0, "rose": 0, "hold_ms": 30, "wait_ms": 1000, "first_nonzero_ms": null, "fg_is_game": true, "use_item": 1, "rolled_before": 0, "rolled_after": 0}, "timestamp": 1786876641807}
{"sessionId": "749dfe", "runId": "post-fix", "hypothesisId": "A", "location": "memory_bot.py:_recast_until_started", "message": "recast_retry_click", "data": {"anim": 0, "rolled": 0}, "timestamp": 1786876642221}
{"sessionId": "749dfe", "runId": "post-fix", "hypothesisId": "A", "location": "memory_bot.py:_click_left", "message": "click_result", "data": {"kind": "recast", "before": 0, "hold": 8, "up": 8, "end": 8, "rose": 1, "hold_ms": 14, "wait_ms": 0, "first_nonzero_ms": 0, "fg_is_game": true, "use_item": 1, "rolled_before": 0, "rolled_after": 0}, "timestamp": 1786876642292}
{"sessionId": "749dfe", "runId": "post-fix", "hypothesisId": "C", "location": "memory_bot.py:_run", "message": "after_recast_rolled", "data": {"caught_id": 2290, "rolled": 0}, "timestamp": 1786876643260}
{"sessionId": "749dfe", "runId": "post-fix", "hypothesisId": "C", "location": "memory_bot.py:_run", "message": "bite_allow", "data": {"item_id": 3979, "prev_seen": 2290}, "timestamp": 1786876649616}
{"sessionId": "749dfe", "runId": "post-fix", "hypothesisId": "A", "location": "memory_bot.py:_click_left", "message": "click_result", "data": {"kind": "reel", "before": 0, "hold": 0, "up": 0, "end": 0, "rose": 0, "hold_ms": 31, "wait_ms": 1000, "first_nonzero_ms": null, "fg_is_game": true, "use_item": 1, "rolled_before": 3979, "rolled_after": 3979}, "timestamp": 1786876650658}
{"sessionId": "749dfe", "runId": "post-fix", "hypothesisId": "C", "location": "memory_bot.py:_run", "message": "bite_allow", "data": {"item_id": 3979, "prev_seen": 0}, "timestamp": 1786876650709}
{"sessionId": "749dfe", "runId": "post-fix", "hypothesisId": "A", "location": "memory_bot.py:_click_left", "message": "click_result", "data": {"kind": "reel", "before": 0, "hold": 8, "up": 8, "end": 8, "rose": 1, "hold_ms": 31, "wait_ms": 0, "first_nonzero_ms": 0, "fg_is_game": true, "use_item": 1, "rolled_before": 3979, "rolled_after": 3979}, "timestamp": 1786876650737}
{"sessionId": "749dfe", "runId": "post-fix", "hypothesisId": "A", "location": "memory_bot.py:_click_left", "message": "click_result", "data": {"kind": "recast", "before": 0, "hold": 0, "up": 0, "end": 0, "rose": 0, "hold_ms": 30, "wait_ms": 1000, "first_nonzero_ms": null, "fg_is_game": true, "use_item": 1, "rolled_before": 0, "rolled_after": 0}, "timestamp": 1786876651887}
{"sessionId": "749dfe", "runId": "post-fix", "hypothesisId": "A", "location": "memory_bot.py:_recast_until_started", "message": "recast_retry_click", "data": {"anim": 0, "rolled": 0}, "timestamp": 1786876652300}
{"sessionId": "749dfe", "runId": "post-fix", "hypothesisId": "A", "location": "memory_bot.py:_click_left", "message": "click_result", "data": {"kind": "recast", "before": 0, "hold": 8, "up": 8, "end": 8, "rose": 1, "hold_ms": 0, "wait_ms": 0, "first_nonzero_ms": 0, "fg_is_game": true, "use_item": 1, "rolled_before": 0, "rolled_after": 0}, "timestamp": 1786876652364}
{"sessionId": "749dfe", "runId": "post-fix", "hypothesisId": "C", "location": "memory_bot.py:_run", "message": "after_recast_rolled", "data": {"caught_id": 3979, "rolled": 0}, "timestamp": 1786876653323}
{"sessionId": "749dfe", "runId": "post-fix", "hypothesisId": "C", "location": "memory_bot.py:_run", "message": "bite_allow", "data": {"item_id": 3196, "prev_seen": 3979}, "timestamp": 1786876654724}
{"sessionId": "749dfe", "runId": "post-fix", "hypothesisId": "A", "location": "memory_bot.py:_click_left", "message": "click_result", "data": {"kind": "reel", "before": 0, "hold": 0, "up": 0, "end": 0, "rose": 0, "hold_ms": 63, "wait_ms": 1000, "first_nonzero_ms": null, "fg_is_game": true, "use_item": 1, "rolled_before": 3196, "rolled_after": 3196}, "timestamp": 1786876655780}
{"sessionId": "749dfe", "runId": "post-fix", "hypothesisId": "C", "location": "memory_bot.py:_run", "message": "bite_allow", "data": {"item_id": 3196, "prev_seen": 0}, "timestamp": 1786876655814}
{"sessionId": "749dfe", "runId": "post-fix", "hypothesisId": "A", "location": "memory_bot.py:_click_left", "message": "click_result", "data": {"kind": "reel", "before": 0, "hold": 8, "up": 8, "end": 8, "rose": 1, "hold_ms": 31, "wait_ms": 0, "first_nonzero_ms": 0, "fg_is_game": true, "use_item": 1, "rolled_before": 3196, "rolled_after": 3196}, "timestamp": 1786876655846}
{"sessionId": "749dfe", "runId": "post-fix", "hypothesisId": "A", "location": "memory_bot.py:_click_left", "message": "click_result", "data": {"kind": "recast", "before": 0, "hold": 0, "up": 0, "end": 0, "rose": 0, "hold_ms": 46, "wait_ms": 1000, "first_nonzero_ms": null, "fg_is_game": true, "use_item": 1, "rolled_before": 0, "rolled_after": 0}, "timestamp": 1786876657015}
{"sessionId": "749dfe", "runId": "post-fix", "hypothesisId": "A", "location": "memory_bot.py:_recast_until_started", "message": "recast_retry_click", "data": {"anim": 0, "rolled": 0}, "timestamp": 1786876657421}
{"sessionId": "749dfe", "runId": "post-fix", "hypothesisId": "A", "location": "memory_bot.py:_click_left", "message": "click_result", "data": {"kind": "recast", "before": 0, "hold": 8, "up": 8, "end": 8, "rose": 1, "hold_ms": 15, "wait_ms": 0, "first_nonzero_ms": 0, "fg_is_game": true, "use_item": 1, "rolled_before": 0, "rolled_after": 0}, "timestamp": 1786876657490}
{"sessionId": "749dfe", "runId": "post-fix", "hypothesisId": "C", "location": "memory_bot.py:_run", "message": "after_recast_rolled", "data": {"caught_id": 3196, "rolled": 0}, "timestamp": 1786876658448}
{"sessionId": "749dfe", "runId": "post-fix", "hypothesisId": "C", "location": "memory_bot.py:_run", "message": "bite_allow", "data": {"item_id": 2290, "prev_seen": 3196}, "timestamp": 1786876660105}
{"sessionId": "749dfe", "runId": "post-fix", "hypothesisId": "A", "location": "memory_bot.py:_click_left", "message": "click_result", "data": {"kind": "reel", "before": 0, "hold": 0, "up": 0, "end": 0, "rose": 0, "hold_ms": 30, "wait_ms": 1000, "first_nonzero_ms": null, "fg_is_game": true, "use_item": 1, "rolled_before": 2290, "rolled_after": 2290}, "timestamp": 1786876661138}
{"sessionId": "749dfe", "runId": "post-fix", "hypothesisId": "C", "location": "memory_bot.py:_run", "message": "bite_allow", "data": {"item_id": 2290, "prev_seen": 0}, "timestamp": 1786876661181}
{"sessionId": "749dfe", "runId": "post-fix", "hypothesisId": "A", "location": "memory_bot.py:_click_left", "message": "click_result", "data": {"kind": "reel", "before": 0, "hold": 8, "up": 8, "end": 8, "rose": 1, "hold_ms": 31, "wait_ms": 0, "first_nonzero_ms": 0, "fg_is_game": true, "use_item": 1, "rolled_before": 2290, "rolled_after": 2290}, "timestamp": 1786876661216}
{"sessionId": "749dfe", "runId": "post-fix", "hypothesisId": "A", "location": "memory_bot.py:_click_left", "message": "click_result", "data": {"kind": "recast", "before": 0, "hold": 0, "up": 0, "end": 0, "rose": 0, "hold_ms": 31, "wait_ms": 1000, "first_nonzero_ms": null, "fg_is_game": true, "use_item": 1, "rolled_before": 0, "rolled_after": 0}, "timestamp": 1786876662407}
{"sessionId": "749dfe", "runId": "post-fix", "hypothesisId": "A", "location": "memory_bot.py:_recast_until_started", "message": "recast_retry_click", "data": {"anim": 0, "rolled": 0}, "timestamp": 1786876662808}
{"sessionId": "749dfe", "runId": "post-fix", "hypothesisId": "A", "location": "memory_bot.py:_click_left", "message": "click_result", "data": {"kind": "recast", "before": 0, "hold": 8, "up": 8, "end": 8, "rose": 1, "hold_ms": 15, "wait_ms": 0, "first_nonzero_ms": 0, "fg_is_game": true, "use_item": 1, "rolled_before": 0, "rolled_after": 0}, "timestamp": 1786876662880}
{"sessionId": "749dfe", "runId": "post-fix", "hypothesisId": "C", "location": "memory_bot.py:_run", "message": "after_recast_rolled", "data": {"caught_id": 2290, "rolled": 0}, "timestamp": 1786876663840}
